12:45:38 **** Incremental Build of configuration Debug for project Traffic_Light_Project ****
make -j8 all 
arm-none-eabi-gcc -o "Traffic_Light_Project.elf" @"objects.list"   -mcpu=cortex-m3 -T"C:\Users\84394\OneDrive\Desktop\Semester_x\231\VXL_VDK\231_MCU_Final_Project\Traffic_Light_Project\STM32F103RBTX_FLASH.ld" --specs=nosys.specs -Wl,-Map="Traffic_Light_Project.map" -Wl,--gc-sections -static --specs=nano.specs -mfloat-abi=soft -mthumb -Wl,--start-group -lc -lm -Wl,--end-group
Finished building target: Traffic_Light_Project.elf
 
arm-none-eabi-size   Traffic_Light_Project.elf 
arm-none-eabi-objdump -h -S  Traffic_Light_Project.elf  > "Traffic_Light_Project.list"
arm-none-eabi-objcopy  -O ihex  Traffic_Light_Project.elf  "Traffic_Light_Project.hex"
   text	   data	    bss	    dec	    hex	filename
  11308	     20	   1708	  13036	   32ec	Traffic_Light_Project.elf
arm-none-eabi-objcopy  -O binary  Traffic_Light_Project.elf  "Traffic_Light_Project.bin"
Finished building: default.size.stdout
 
Finished building: Traffic_Light_Project.hex
Finished building: Traffic_Light_Project.bin
 
 
Finished building: Traffic_Light_Project.list
 
